[2026-07-03T14:17:25] ============================================================
[2026-07-03T14:17:25] EXTRAÇÃO REFINADA v3 — Radiant Sentinel
[2026-07-03T14:17:25] ============================================================
[2026-07-03T14:17:25] 
--- CRÍTICAS ---
[2026-07-03T14:17:25]   → 3040: SCR3040_Criticas.xls
[2026-07-03T14:17:25]     ✓ 361 críticas extraídas
[2026-07-03T14:17:25]       ex: B01 — Erro XML
[2026-07-03T14:17:25]       ex: B02 — Arquivo .ZIP deve ser gerado pelo aplicativo validador
[2026-07-03T14:17:25]   → 3050: Criticas_TXB_V11.xlsx
[2026-07-03T14:17:25]     ✓ 170 críticas extraídas
[2026-07-03T14:17:25]       ex: 2001 — 
[2026-07-03T14:17:25]       ex: 2001 — 
[2026-07-03T14:17:25]   → 2061-DLO: Criticas_Processamento_2061_2071.xlsx
[2026-07-03T14:17:25]     ✓ 518 críticas extraídas
[2026-07-03T14:17:25]       ex: ELIM0001 — Validar o formato do documento
[2026-07-03T14:17:25]       ex: ELIM0002 — Validar se o documento foi processado ou não
[2026-07-03T14:17:25]   → 2070-DDR: 2070_DDR_Criticas.xlsx
[2026-07-03T14:17:25]     ✓ 11 críticas extraídas
[2026-07-03T14:17:25]       ex: 4678 — 
[2026-07-03T14:17:25]       ex: 4679 — 
[2026-07-03T14:17:25]   → 2060-DRM: drm_criticas_raw.json (extraído do PDF em Sprint 2)
[2026-07-03T14:17:25]     ✓ 22 críticas DRM adicionadas
[2026-07-03T14:17:25] 
--- LEIAUTES ---
[2026-07-03T14:17:25]   → 3040: SCR3040_Leiaute.xls
[2026-07-03T14:17:25]     ✓ 1249 linhas de campos
[2026-07-03T14:17:25]   → 3042: SCR3042_Leiaute.xls
[2026-07-03T14:17:25]     ✓ 32 linhas de campos
[2026-07-03T14:17:25]   → 3050: Leiaute_TXB_XML_V3.xls
[2026-07-03T14:17:25]     ✓ 769 linhas de campos
[2026-07-03T14:17:25]   → 2030-DRSAC: 2030_DRSAC_Leiaute.xlsx
[2026-07-03T14:17:25]     ✓ 742 linhas de campos
[2026-07-03T14:17:25]   → 2060-DRM: 2060_DRM_Leiaute.xls
[2026-07-03T14:17:25]     ✓ 67 linhas de campos
[2026-07-03T14:17:25]   → 2062-DLI: 2062_DLI_Leiaute.xlsx
[2026-07-03T14:17:25]     ✓ 297 linhas de campos
[2026-07-03T14:17:25]   → 2070-DDR: DDR_2011_Leiaute.xls
[2026-07-03T14:17:25]     ✓ 572 linhas de campos
[2026-07-03T14:17:25]   → 2160-DRL: 2160_DRL_Leiaute.xlsx
[2026-07-03T14:17:25]     ✓ 516 linhas de campos
[2026-07-03T14:17:25] 
--- SALVANDO ---
[2026-07-03T14:17:25]   ✓ criticas.json: 538,849 bytes
[2026-07-03T14:17:25]   ✓ leiautes.json: 1,098,391 bytes
[2026-07-03T14:17:25] 
============================================================
[2026-07-03T14:17:25] RESUMO:
[2026-07-03T14:17:25]   Críticas: 5 CADOCs / 1082 regras
[2026-07-03T14:17:25]   Leiautes: 8 CADOCs / 4244 linhas
[2026-07-03T14:17:25] ============================================================